============================= test session starts =============================
platform win32 -- Python 3.14.4, pytest-9.0.3, pluggy-1.6.0
rootdir: C:\Users\Home-Desktop\Documents\Project_2
collected 5 items

tests\integration\test_api.py .....                                      [100%]

============================== 5 passed in 0.15s ==============================
